2026-10-09T10:15:44.4900609Z Current runner version: '2.337.0'
2026-10-09T10:15:44.4925147Z ##[group]Runner Image Provisioner
2026-10-09T10:15:44.4926011Z Hosted Compute Agent
2026-10-09T10:15:44.4926563Z Version: 20261002.596
2026-10-09T10:15:44.4927192Z Commit: c3d12f3313a95f25162a1503be624f3b0617f8c0
2026-10-09T10:15:44.4927854Z Build Date: 2026-10-02T22:28:27Z
2026-10-09T10:15:44.4928499Z Worker ID: {85f8b489-938e-4bb2-b6ee-f57dc7f39192}
2026-10-09T10:15:44.4929173Z Region: westus3
2026-10-09T10:15:44.4929704Z Cloud: Azure
2026-10-09T10:15:44.4930392Z ##[endgroup]
2026-10-09T10:15:44.4931882Z ##[group]Operating System
2026-10-09T10:15:44.4932447Z Ubuntu
2026-10-09T10:15:44.4932962Z 24.04.5
2026-10-09T10:15:44.4933459Z LTS
2026-10-09T10:15:44.4934286Z ##[endgroup]
2026-10-09T10:15:44.4934812Z ##[group]Runner Image
2026-10-09T10:15:44.4935358Z Image: ubuntu-24.04
2026-10-09T10:15:44.4935893Z Version: 20261004.327.1
2026-10-09T10:15:44.4937055Z Included Software: https://github.com/actions/runner-images/blob/ubuntu24/20261004.327/images/ubuntu/Ubuntu2404-Readme.md
2026-10-09T10:15:44.4938442Z Image Release: https://github.com/actions/runner-images/releases/tag/ubuntu24%2F20261004.327
2026-10-09T10:15:44.4939332Z ##[endgroup]
2026-10-09T10:15:44.4940709Z ##[group]GITHUB_TOKEN Permissions
2026-10-09T10:15:44.4942917Z Contents: read
2026-10-09T10:15:44.4943499Z Metadata: read
2026-10-09T10:15:44.4944005Z ##[endgroup]
2026-10-09T10:15:44.4946101Z Secret source: Actions
2026-10-09T10:15:44.4947079Z Cache mode: write
2026-10-09T10:15:44.4947701Z Prepare workflow directory
2026-10-09T10:15:44.5388226Z Prepare all required actions
2026-10-09T10:15:44.5437548Z Getting action download info
2026-10-09T10:15:44.8337871Z Download action repository 'actions/checkout@v4' (SHA:11d5960a326750d5838078e36cf38b85af677262)
2026-10-09T10:15:44.9043605Z Download action repository 'actions/setup-python@v5' (SHA:a26af69be951a213d495a4c3e4e4022e16d87065)
2026-10-09T10:15:44.9677412Z Download action repository 'actions/upload-artifact@v4' (SHA:ea165f8d65b6e75b540449e92b4886f43607fa02)
2026-10-09T10:15:45.1444356Z Complete job name: session
2026-10-09T10:15:45.2275013Z ##[group]Run actions/checkout@v4
2026-10-09T10:15:45.2275786Z with:
2026-10-09T10:15:45.2276221Z   repository: khaledhasneen1993/VORTEX-AI
2026-10-09T10:15:45.2279953Z   token: ***
2026-10-09T10:15:45.2280518Z   ssh-strict: true
2026-10-09T10:15:45.2280917Z   ssh-user: git
2026-10-09T10:15:45.2281323Z   persist-credentials: true
2026-10-09T10:15:45.2281764Z   clean: true
2026-10-09T10:15:45.2282170Z   sparse-checkout-cone-mode: true
2026-10-09T10:15:45.2282638Z   fetch-depth: 1
2026-10-09T10:15:45.2283021Z   fetch-tags: false
2026-10-09T10:15:45.2283419Z   show-progress: true
2026-10-09T10:15:45.2283825Z   lfs: false
2026-10-09T10:15:45.2284186Z   submodules: false
2026-10-09T10:15:45.2284581Z   set-safe-directory: true
2026-10-09T10:15:45.2285029Z   allow-unsafe-pr-checkout: false
2026-10-09T10:15:45.2285772Z env:
2026-10-09T10:15:45.2286131Z   RUN_MODE: paper
2026-10-09T10:15:45.2286509Z   USE_RADAR: true
2026-10-09T10:15:45.2286921Z   USE_WEBSOCKET: false
2026-10-09T10:15:45.2287369Z   STARTING_EQUITY: 1000
2026-10-09T10:15:45.2287778Z   RISK_PER_TRADE: 0.10
2026-10-09T10:15:45.2288175Z   MAX_LEVERAGE: 5
2026-10-09T10:15:45.2288556Z   MAX_POSITIONS: 3
2026-10-09T10:15:45.2288948Z   MAX_MARGIN_FRACTION: 0.25
2026-10-09T10:15:45.2289376Z   MAX_DAILY_LOSS: 0.50
2026-10-09T10:15:45.2289771Z   STRICT_VOTES: true
2026-10-09T10:15:45.2290372Z   TIMEFRAME: 5m
2026-10-09T10:15:45.2290912Z   LOOP_SECONDS: 20
2026-10-09T10:15:45.2291300Z ##[endgroup]
2026-10-09T10:15:45.3296362Z Syncing repository: khaledhasneen1993/VORTEX-AI
2026-10-09T10:15:45.3298493Z ##[group]Getting Git version info
2026-10-09T10:15:45.3299208Z Working directory is '/home/runner/work/VORTEX-AI/VORTEX-AI'
2026-10-09T10:15:45.3300746Z [command]/usr/bin/git version
2026-10-09T10:15:45.3353668Z git version 2.55.0
2026-10-09T10:15:45.3377135Z ##[endgroup]
2026-10-09T10:15:45.3395546Z Temporarily overriding HOME='/home/runner/work/_temp/9ffddd08-a309-4d91-a626-478c68ac6119' before making global git config changes
2026-10-09T10:15:45.3397690Z Adding repository directory to the temporary git global config as a safe directory
2026-10-09T10:15:45.3406819Z [command]/usr/bin/git config --global --add safe.directory /home/runner/work/VORTEX-AI/VORTEX-AI
2026-10-09T10:15:45.3453045Z Deleting the contents of '/home/runner/work/VORTEX-AI/VORTEX-AI'
2026-10-09T10:15:45.3461317Z ##[group]Initializing the repository
2026-10-09T10:15:45.3462637Z [command]/usr/bin/git init /home/runner/work/VORTEX-AI/VORTEX-AI
2026-10-09T10:15:45.3554613Z hint: Using 'master' as the name for the initial branch. This default branch name
2026-10-09T10:15:45.3556768Z hint: will change to "main" in Git 3.0. To configure the initial branch name
2026-10-09T10:15:45.3558431Z hint: to use in all of your new repositories, which will suppress this warning,
2026-10-09T10:15:45.3559744Z hint: call:
2026-10-09T10:15:45.3560652Z hint:
2026-10-09T10:15:45.3561617Z hint: 	git config --global init.defaultBranch <name>
2026-10-09T10:15:45.3562761Z hint:
2026-10-09T10:15:45.3563792Z hint: Names commonly chosen instead of 'master' are 'main', 'trunk' and
2026-10-09T10:15:45.3565434Z hint: 'development'. The just-created branch can be renamed via this command:
2026-10-09T10:15:45.3566650Z hint:
2026-10-09T10:15:45.3567359Z hint: 	git branch -m <name>
2026-10-09T10:15:45.3568184Z hint:
2026-10-09T10:15:45.3569274Z hint: Disable this message with "git config set advice.defaultBranchName false"
2026-10-09T10:15:45.3570857Z Initialized empty Git repository in /home/runner/work/VORTEX-AI/VORTEX-AI/.git/
2026-10-09T10:15:45.3573446Z [command]/usr/bin/git remote add origin https://github.com/khaledhasneen1993/VORTEX-AI
2026-10-09T10:15:45.3608771Z ##[endgroup]
2026-10-09T10:15:45.3610030Z ##[group]Disabling automatic garbage collection
2026-10-09T10:15:45.3612287Z [command]/usr/bin/git config --local gc.auto 0
2026-10-09T10:15:45.3639588Z ##[endgroup]
2026-10-09T10:15:45.3640957Z ##[group]Setting up auth
2026-10-09T10:15:45.3646497Z [command]/usr/bin/git config --local --name-only --get-regexp core\.sshCommand
2026-10-09T10:15:45.3674725Z [command]/usr/bin/git submodule foreach --recursive sh -c "git config --local --name-only --get-regexp 'core\.sshCommand' && git config --local --unset-all 'core.sshCommand' || :"
2026-10-09T10:15:45.4011020Z [command]/usr/bin/git config --local --name-only --get-regexp http\.https\:\/\/github\.com\/\.extraheader
2026-10-09T10:15:45.4050360Z [command]/usr/bin/git submodule foreach --recursive sh -c "git config --local --name-only --get-regexp 'http\.https\:\/\/github\.com\/\.extraheader' && git config --local --unset-all 'http.https://github.com/.extraheader' || :"
2026-10-09T10:15:45.4249384Z [command]/usr/bin/git config --local --name-only --get-regexp ^includeIf\.gitdir:
2026-10-09T10:15:45.4278891Z [command]/usr/bin/git submodule foreach --recursive git config --local --show-origin --name-only --get-regexp remote.origin.url
2026-10-09T10:15:45.4459753Z [command]/usr/bin/git config --local http.https://github.com/.extraheader AUTHORIZATION: basic ***
2026-10-09T10:15:45.4493541Z ##[endgroup]
2026-10-09T10:15:45.4494365Z ##[group]Fetching the repository
2026-10-09T10:15:45.4503295Z [command]/usr/bin/git -c protocol.version=2 fetch --no-tags --prune --no-recurse-submodules --depth=1 origin +1ddd03d694780d79b8436d3de4f0208df452b9fe:refs/remotes/origin/paper/radar-one-hour-20261009
2026-10-09T10:15:46.8745160Z From https://github.com/khaledhasneen1993/VORTEX-AI
2026-10-09T10:15:46.8747362Z  * [new ref]         1ddd03d694780d79b8436d3de4f0208df452b9fe -> origin/paper/radar-one-hour-20261009
2026-10-09T10:15:46.8751954Z ##[endgroup]
2026-10-09T10:15:46.8753507Z ##[group]Determining the checkout info
2026-10-09T10:15:46.8755072Z ##[endgroup]
2026-10-09T10:15:46.8759782Z [command]/usr/bin/git sparse-checkout disable
2026-10-09T10:15:46.8808499Z [command]/usr/bin/git config --local --unset-all extensions.worktreeConfig
2026-10-09T10:15:46.8835512Z ##[group]Checking out the ref
2026-10-09T10:15:46.8848607Z [command]/usr/bin/git checkout --progress --force -B paper/radar-one-hour-20261009 refs/remotes/origin/paper/radar-one-hour-20261009
2026-10-09T10:15:46.9271957Z Switched to a new branch 'paper/radar-one-hour-20261009'
2026-10-09T10:15:46.9274745Z branch 'paper/radar-one-hour-20261009' set up to track 'origin/paper/radar-one-hour-20261009'.
2026-10-09T10:15:46.9285471Z ##[endgroup]
2026-10-09T10:15:46.9319989Z [command]/usr/bin/git log -1 --format=%H
2026-10-09T10:15:46.9340897Z 1ddd03d694780d79b8436d3de4f0208df452b9fe
2026-10-09T10:15:46.9685219Z ##[group]Run actions/setup-python@v5
2026-10-09T10:15:46.9686548Z with:
2026-10-09T10:15:46.9687498Z   python-version: 3.11
2026-10-09T10:15:46.9688587Z   check-latest: false
2026-10-09T10:15:46.9698478Z   token: ***
2026-10-09T10:15:46.9699527Z   update-environment: true
2026-10-09T10:15:46.9700750Z   allow-prereleases: false
2026-10-09T10:15:46.9701865Z   freethreaded: false
2026-10-09T10:15:46.9702885Z env:
2026-10-09T10:15:46.9703779Z   RUN_MODE: paper
2026-10-09T10:15:46.9704788Z   USE_RADAR: true
2026-10-09T10:15:46.9705730Z   USE_WEBSOCKET: false
2026-10-09T10:15:46.9706716Z   STARTING_EQUITY: 1000
2026-10-09T10:15:46.9707721Z   RISK_PER_TRADE: 0.10
2026-10-09T10:15:46.9708706Z   MAX_LEVERAGE: 5
2026-10-09T10:15:46.9709658Z   MAX_POSITIONS: 3
2026-10-09T10:15:46.9710702Z   MAX_MARGIN_FRACTION: 0.25
2026-10-09T10:15:46.9711759Z   MAX_DAILY_LOSS: 0.50
2026-10-09T10:15:46.9712743Z   STRICT_VOTES: true
2026-10-09T10:15:46.9713686Z   TIMEFRAME: 5m
2026-10-09T10:15:46.9714655Z   LOOP_SECONDS: 20
2026-10-09T10:15:46.9715573Z ##[endgroup]
2026-10-09T10:15:47.1012316Z ##[group]Installed versions
2026-10-09T10:15:47.1091557Z (node:2299) [DEP0040] DeprecationWarning: The `punycode` module is deprecated. Please use a userland alternative instead.
2026-10-09T10:15:47.1096021Z (Use `node --trace-deprecation ...` to show where the warning was created)
2026-10-09T10:15:47.1099052Z Successfully set up CPython (3.11.17)
2026-10-09T10:15:47.1102335Z ##[endgroup]
2026-10-09T10:15:47.1256384Z ##[group]Run python -m pip install -e '.[dev]'
2026-10-09T10:15:47.1258059Z [36;1mpython -m pip install -e '.[dev]'[0m
2026-10-09T10:15:47.1475760Z shell: /usr/bin/bash -e {0}
2026-10-09T10:15:47.1476906Z env:
2026-10-09T10:15:47.1477758Z   RUN_MODE: paper
2026-10-09T10:15:47.1478697Z   USE_RADAR: true
2026-10-09T10:15:47.1479669Z   USE_WEBSOCKET: false
2026-10-09T10:15:47.1480866Z   STARTING_EQUITY: 1000
2026-10-09T10:15:47.1481861Z   RISK_PER_TRADE: 0.10
2026-10-09T10:15:47.1482824Z   MAX_LEVERAGE: 5
2026-10-09T10:15:47.1483725Z   MAX_POSITIONS: 3
2026-10-09T10:15:47.1484663Z   MAX_MARGIN_FRACTION: 0.25
2026-10-09T10:15:47.1485700Z   MAX_DAILY_LOSS: 0.50
2026-10-09T10:15:47.1486673Z   STRICT_VOTES: true
2026-10-09T10:15:47.1487606Z   TIMEFRAME: 5m
2026-10-09T10:15:47.1488482Z   LOOP_SECONDS: 20
2026-10-09T10:15:47.1489646Z   pythonLocation: /opt/hostedtoolcache/Python/3.11.17/x64
2026-10-09T10:15:47.1491666Z   PKG_CONFIG_PATH: /opt/hostedtoolcache/Python/3.11.17/x64/lib/pkgconfig
2026-10-09T10:15:47.1493460Z   Python_ROOT_DIR: /opt/hostedtoolcache/Python/3.11.17/x64
2026-10-09T10:15:47.1495056Z   Python2_ROOT_DIR: /opt/hostedtoolcache/Python/3.11.17/x64
2026-10-09T10:15:47.1496687Z   Python3_ROOT_DIR: /opt/hostedtoolcache/Python/3.11.17/x64
2026-10-09T10:15:47.1499649Z   LD_LIBRARY_PATH: /opt/hostedtoolcache/Python/3.11.17/x64/lib
2026-10-09T10:15:47.1501299Z ##[endgroup]
2026-10-09T10:15:48.9571328Z Obtaining file:///home/runner/work/VORTEX-AI/VORTEX-AI
2026-10-09T10:15:48.9586554Z   Installing build dependencies: started
2026-10-09T10:15:49.6604867Z   Installing build dependencies: finished with status 'done'
2026-10-09T10:15:49.6611842Z   Checking if build backend supports build_editable: started
2026-10-09T10:15:50.0074526Z   Checking if build backend supports build_editable: finished with status 'done'
2026-10-09T10:15:50.0083057Z   Getting requirements to build editable: started
2026-10-09T10:15:50.3061925Z   Getting requirements to build editable: finished with status 'done'
2026-10-09T10:15:50.3071881Z   Preparing editable metadata (pyproject.toml): started
2026-10-09T10:15:50.4668359Z   Preparing editable metadata (pyproject.toml): finished with status 'done'
2026-10-09T10:15:50.5399536Z Collecting requests<3,>=2.31 (from vortex-ai==0.1.0)
2026-10-09T10:15:50.5850597Z   Downloading requests-2.34.2-py3-none-any.whl.metadata (4.8 kB)
2026-10-09T10:15:50.5989893Z Collecting python-dotenv<2,>=1.0 (from vortex-ai==0.1.0)
2026-10-09T10:15:50.6026708Z   Downloading python_dotenv-1.2.4-py3-none-any.whl.metadata (29 kB)
2026-10-09T10:15:50.6232534Z Collecting websocket-client<2,>=1.8 (from vortex-ai==0.1.0)
2026-10-09T10:15:50.6274043Z   Downloading websocket_client-1.9.2-py3-none-any.whl.metadata (8.3 kB)
2026-10-09T10:15:50.6649940Z Collecting pytest<10,>=8 (from vortex-ai==0.1.0)
2026-10-09T10:15:50.6688651Z   Downloading pytest-9.1.1-py3-none-any.whl.metadata (7.6 kB)
2026-10-09T10:15:50.9341466Z Collecting ruff<1,>=0.9 (from vortex-ai==0.1.0)
2026-10-09T10:15:50.9375286Z   Downloading ruff-0.16.10-py3-none-manylinux_2_17_x86_64.manylinux2014_x86_64.whl.metadata (20 kB)
2026-10-09T10:15:50.9489500Z Collecting iniconfig>=1.0.1 (from pytest<10,>=8->vortex-ai==0.1.0)
2026-10-09T10:15:50.9521347Z   Downloading iniconfig-2.3.1-py3-none-any.whl.metadata (2.8 kB)
2026-10-09T10:15:50.9609657Z Collecting packaging>=22 (from pytest<10,>=8->vortex-ai==0.1.0)
2026-10-09T10:15:50.9623609Z   Using cached packaging-26.3-py3-none-any.whl.metadata (3.5 kB)
2026-10-09T10:15:50.9715013Z Collecting pluggy<2,>=1.5 (from pytest<10,>=8->vortex-ai==0.1.0)
2026-10-09T10:15:50.9751490Z   Downloading pluggy-1.6.0-py3-none-any.whl.metadata (4.8 kB)
2026-10-09T10:15:50.9908310Z Collecting pygments>=2.7.2 (from pytest<10,>=8->vortex-ai==0.1.0)
2026-10-09T10:15:50.9943474Z   Downloading pygments-2.21.0-py3-none-any.whl.metadata (2.5 kB)
2026-10-09T10:15:51.1133447Z Collecting charset_normalizer<4,>=2 (from requests<3,>=2.31->vortex-ai==0.1.0)
2026-10-09T10:15:51.1172638Z   Downloading charset_normalizer-3.5.2-cp311-cp311-manylinux2014_x86_64.manylinux_2_17_x86_64.manylinux_2_28_x86_64.whl.metadata (46 kB)
2026-10-09T10:15:51.1334755Z Collecting idna<4,>=2.5 (from requests<3,>=2.31->vortex-ai==0.1.0)
2026-10-09T10:15:51.1374926Z   Downloading idna-3.20-py3-none-any.whl.metadata (7.2 kB)
2026-10-09T10:15:51.1662103Z Collecting urllib3<3,>=1.26 (from requests<3,>=2.31->vortex-ai==0.1.0)
2026-10-09T10:15:51.1705743Z   Downloading urllib3-2.8.0-py3-none-any.whl.metadata (7.4 kB)
2026-10-09T10:15:51.1906867Z Collecting certifi>=2023.5.7 (from requests<3,>=2.31->vortex-ai==0.1.0)
2026-10-09T10:15:51.1944003Z   Downloading certifi-2026.7.22-py3-none-any.whl.metadata (2.5 kB)
2026-10-09T10:15:51.2029349Z Downloading pytest-9.1.1-py3-none-any.whl (386 kB)
2026-10-09T10:15:51.2117939Z Downloading pluggy-1.6.0-py3-none-any.whl (20 kB)
2026-10-09T10:15:51.2167540Z Downloading python_dotenv-1.2.4-py3-none-any.whl (23 kB)
2026-10-09T10:15:51.2215226Z Downloading requests-2.34.2-py3-none-any.whl (73 kB)
2026-10-09T10:15:51.2261912Z Downloading charset_normalizer-3.5.2-cp311-cp311-manylinux2014_x86_64.manylinux_2_17_x86_64.manylinux_2_28_x86_64.whl (269 kB)
2026-10-09T10:15:51.2322468Z Downloading idna-3.20-py3-none-any.whl (69 kB)
2026-10-09T10:15:51.2371013Z Downloading ruff-0.16.10-py3-none-manylinux_2_17_x86_64.manylinux2014_x86_64.whl (10.4 MB)
2026-10-09T10:15:51.2689022Z    ━━━━━━━━━━━━━━━━━━━━━━━━━━━━━━━━━━━━━━━━ 10.4/10.4 MB 346.3 MB/s  0:00:00
2026-10-09T10:15:51.2725672Z Downloading urllib3-2.8.0-py3-none-any.whl (135 kB)
2026-10-09T10:15:51.2788911Z Downloading websocket_client-1.9.2-py3-none-any.whl (95 kB)
2026-10-09T10:15:51.2840964Z Downloading certifi-2026.7.22-py3-none-any.whl (136 kB)
2026-10-09T10:15:51.2897558Z Downloading iniconfig-2.3.1-py3-none-any.whl (7.6 kB)
2026-10-09T10:15:51.2928447Z Using cached packaging-26.3-py3-none-any.whl (129 kB)
2026-10-09T10:15:51.2995909Z Downloading pygments-2.21.0-py3-none-any.whl (1.3 MB)
2026-10-09T10:15:51.3067326Z    ━━━━━━━━━━━━━━━━━━━━━━━━━━━━━━━━━━━━━━━━ 1.3/1.3 MB 194.2 MB/s  0:00:00
2026-10-09T10:15:51.3503914Z Building wheels for collected packages: vortex-ai
2026-10-09T10:15:51.3512730Z   Building editable for vortex-ai (pyproject.toml): started
2026-10-09T10:15:51.5292432Z   Building editable for vortex-ai (pyproject.toml): finished with status 'done'
2026-10-09T10:15:51.5297363Z   Created wheel for vortex-ai: filename=vortex_ai-0.1.0-0.editable-py3-none-any.whl size=3071 sha256=0d91071734c2af87584e3ced73b96f8a46a24c7c53392e0efc5995f3c17314ef
2026-10-09T10:15:51.5299045Z   Stored in directory: /tmp/pip-ephem-wheel-cache-wl6d04m7/wheels/47/c5/ff/66feb7c8d6e04e09e89ff0be07fc6bec3fec73a83fe08115c2
2026-10-09T10:15:51.5312574Z Successfully built vortex-ai
2026-10-09T10:15:51.5628949Z Installing collected packages: websocket-client, urllib3, ruff, python-dotenv, pygments, pluggy, packaging, iniconfig, idna, charset_normalizer, certifi, requests, pytest, vortex-ai
2026-10-09T10:15:52.7434880Z 
2026-10-09T10:15:52.7447273Z Successfully installed certifi-2026.7.22 charset_normalizer-3.5.2 idna-3.20 iniconfig-2.3.1 packaging-26.3 pluggy-1.6.0 pygments-2.21.0 pytest-9.1.1 python-dotenv-1.2.4 requests-2.34.2 ruff-0.16.10 urllib3-2.8.0 vortex-ai-0.1.0 websocket-client-1.9.2
2026-10-09T10:15:52.8358576Z ##[group]Run python -m compileall -q vortex research
2026-10-09T10:15:52.8358994Z [36;1mpython -m compileall -q vortex research[0m
2026-10-09T10:15:52.8359403Z [36;1mpython -m ruff check --select E9,F63,F7,F82 vortex tests research[0m
2026-10-09T10:15:52.8359779Z [36;1mpython -m pytest -q[0m
2026-10-09T10:15:52.8407237Z shell: /usr/bin/bash -e {0}
2026-10-09T10:15:52.8407597Z env:
2026-10-09T10:15:52.8407843Z   RUN_MODE: paper
2026-10-09T10:15:52.8408093Z   USE_RADAR: true
2026-10-09T10:15:52.8408342Z   USE_WEBSOCKET: false
2026-10-09T10:15:52.8408606Z   STARTING_EQUITY: 1000
2026-10-09T10:15:52.8408867Z   RISK_PER_TRADE: 0.10
2026-10-09T10:15:52.8409114Z   MAX_LEVERAGE: 5
2026-10-09T10:15:52.8409346Z   MAX_POSITIONS: 3
2026-10-09T10:15:52.8409598Z   MAX_MARGIN_FRACTION: 0.25
2026-10-09T10:15:52.8409903Z   MAX_DAILY_LOSS: 0.50
2026-10-09T10:15:52.8410320Z   STRICT_VOTES: true
2026-10-09T10:15:52.8410641Z   TIMEFRAME: 5m
2026-10-09T10:15:52.8410886Z   LOOP_SECONDS: 20
2026-10-09T10:15:52.8411278Z   pythonLocation: /opt/hostedtoolcache/Python/3.11.17/x64
2026-10-09T10:15:52.8411805Z   PKG_CONFIG_PATH: /opt/hostedtoolcache/Python/3.11.17/x64/lib/pkgconfig
2026-10-09T10:15:52.8412314Z   Python_ROOT_DIR: /opt/hostedtoolcache/Python/3.11.17/x64
2026-10-09T10:15:52.8412772Z   Python2_ROOT_DIR: /opt/hostedtoolcache/Python/3.11.17/x64
2026-10-09T10:15:52.8413227Z   Python3_ROOT_DIR: /opt/hostedtoolcache/Python/3.11.17/x64
2026-10-09T10:15:52.8413684Z   LD_LIBRARY_PATH: /opt/hostedtoolcache/Python/3.11.17/x64/lib
2026-10-09T10:15:52.8414076Z ##[endgroup]
2026-10-09T10:15:52.9560349Z All checks passed!
2026-10-09T10:15:54.2147904Z ........................................................................ [ 47%]
2026-10-09T10:15:54.3119189Z ........................................................................ [ 94%]
2026-10-09T10:15:54.3400635Z .........                                                                [100%]
2026-10-09T10:15:54.3401209Z 153 passed in 0.93s
2026-10-09T10:15:54.3784527Z ##[group]Run python -m research.paper_hour
2026-10-09T10:15:54.3784879Z [36;1mpython -m research.paper_hour[0m
2026-10-09T10:15:54.3823369Z shell: /usr/bin/bash -e {0}
2026-10-09T10:15:54.3823645Z env:
2026-10-09T10:15:54.3823848Z   RUN_MODE: paper
2026-10-09T10:15:54.3824051Z   USE_RADAR: true
2026-10-09T10:15:54.3824253Z   USE_WEBSOCKET: false
2026-10-09T10:15:54.3824463Z   STARTING_EQUITY: 1000
2026-10-09T10:15:54.3824674Z   RISK_PER_TRADE: 0.10
2026-10-09T10:15:54.3824880Z   MAX_LEVERAGE: 5
2026-10-09T10:15:54.3825081Z   MAX_POSITIONS: 3
2026-10-09T10:15:54.3825282Z   MAX_MARGIN_FRACTION: 0.25
2026-10-09T10:15:54.3825506Z   MAX_DAILY_LOSS: 0.50
2026-10-09T10:15:54.3825709Z   STRICT_VOTES: true
2026-10-09T10:15:54.3825908Z   TIMEFRAME: 5m
2026-10-09T10:15:54.3826100Z   LOOP_SECONDS: 20
2026-10-09T10:15:54.3826372Z   pythonLocation: /opt/hostedtoolcache/Python/3.11.17/x64
2026-10-09T10:15:54.3826973Z   PKG_CONFIG_PATH: /opt/hostedtoolcache/Python/3.11.17/x64/lib/pkgconfig
2026-10-09T10:15:54.3827450Z   Python_ROOT_DIR: /opt/hostedtoolcache/Python/3.11.17/x64
2026-10-09T10:15:54.3827836Z   Python2_ROOT_DIR: /opt/hostedtoolcache/Python/3.11.17/x64
2026-10-09T10:15:54.3828205Z   Python3_ROOT_DIR: /opt/hostedtoolcache/Python/3.11.17/x64
2026-10-09T10:15:54.3828585Z   LD_LIBRARY_PATH: /opt/hostedtoolcache/Python/3.11.17/x64/lib
2026-10-09T10:15:54.3828909Z ##[endgroup]
2026-10-09T10:15:57.6908533Z {
2026-10-09T10:15:57.6909242Z   "requested_seconds": 3600,
2026-10-09T10:15:57.6909766Z   "attempt_utc": "2026-10-09T10:15:54.493450+00:00",
2026-10-09T10:15:57.6910483Z   "mode": "PAPER",
2026-10-09T10:15:57.6910798Z   "actual_exchange_orders": 0,
2026-10-09T10:15:57.6911180Z   "actual_exchange_fills": 0,
2026-10-09T10:15:57.6911679Z   "github_run_id": "37916498192",
2026-10-09T10:15:57.6912260Z   "commit": "1ddd03d694780d79b8436d3de4f0208df452b9fe",
2026-10-09T10:15:57.6912678Z   "config": {
2026-10-09T10:15:57.6912918Z     "mode": "paper",
2026-10-09T10:15:57.6913162Z     "symbols": [
2026-10-09T10:15:57.6913405Z       "BTCUSDT",
2026-10-09T10:15:57.6913628Z       "ETHUSDT",
2026-10-09T10:15:57.6913845Z       "SOLUSDT",
2026-10-09T10:15:57.6914063Z       "BNBUSDT",
2026-10-09T10:15:57.6914280Z       "XRPUSDT",
2026-10-09T10:15:57.6914502Z       "DOGEUSDT"
2026-10-09T10:15:57.6914720Z     ],
2026-10-09T10:15:57.6914938Z     "timeframe": "5m",
2026-10-09T10:15:57.6915210Z     "starting_equity": 1000.0,
2026-10-09T10:15:57.6915499Z     "risk_per_trade": 0.1,
2026-10-09T10:15:57.6915768Z     "max_daily_loss": 0.5,
2026-10-09T10:15:57.6916034Z     "max_positions": 3,
2026-10-09T10:15:57.6916288Z     "max_leverage": 5,
2026-10-09T10:15:57.6916549Z     "max_margin_fraction": 0.25,
2026-10-09T10:15:57.6916845Z     "max_spread_bps": 12.0,
2026-10-09T10:15:57.6917114Z     "min_score": 5,
2026-10-09T10:15:57.6917355Z     "strict_votes": true,
2026-10-09T10:15:57.6917628Z     "min_strong_score": 7,
2026-10-09T10:15:57.6917896Z     "trailing_atr_mult": 1.0,
2026-10-09T10:15:57.6918188Z     "cooldown_minutes": 15,
2026-10-09T10:15:57.6918471Z     "loop_seconds": 20,
2026-10-09T10:15:57.6918726Z     "fee_rate": 0.0005,
2026-10-09T10:15:57.6918977Z     "slippage_bps": 3.0,
2026-10-09T10:15:57.6919405Z     "data_dir": "/home/runner/work/VORTEX-AI/VORTEX-AI/runs/radar-one-hour/state"
2026-10-09T10:15:57.6919859Z   },
2026-10-09T10:15:57.6920080Z   "source_sha256": {
2026-10-09T10:15:57.6920935Z     "/home/runner/work/VORTEX-AI/VORTEX-AI/research/paper_hour.py": "0fa0105a1de3821679218525cbb16299766e77648ca6efe72c3deb396c15c4ab",
2026-10-09T10:15:57.6921814Z     "vortex/__init__.py": "cfee7d74433527418170927ec5e2f53eeb35c419621fa6969ce6b2580f892c5d",
2026-10-09T10:15:57.6922515Z     "vortex/alerts.py": "43ced462482eeb35cf5bc97244c9b588198c8ac9f77fe8aefda4eaefdbee8164",
2026-10-09T10:15:57.6923271Z     "vortex/backtest.py": "5a0c0c2685d413c251131a389d8e4a26ff7bcc148ae350fc2ef2d666f77fb19c",
2026-10-09T10:15:57.6924198Z     "vortex/binance.py": "220b7a38e24daad95e5472c22069425edb54de2981851278854a1361c0c2de83",
2026-10-09T10:15:57.6925219Z     "vortex/claude_review.py": "f546259641fbe08b8ebb0e79dc66a150bfcad3141fc916a294a718dc7e25eedf",
2026-10-09T10:15:57.6925958Z     "vortex/cli.py": "d7cbff97058dd847e5cf8c01fc0603f74adbd04668cda3f05f39e3ba121656cc",
2026-10-09T10:15:57.6926642Z     "vortex/config.py": "297ae8732610a34aa8b7ef525663a7377d13e82d80f68fb62d34f48bf5a1dfa7",
2026-10-09T10:15:57.6927357Z     "vortex/dashboard.py": "186dd17d2f5b8ae01564cba221fd9af3082c8bc1971685d2b61a9e60bed60076",
2026-10-09T10:15:57.6928093Z     "vortex/derivatives.py": "61720087c7e610fa8ee7ce87aa88c937a6a97dd7a0836b60420992cf4223ff49",
2026-10-09T10:15:57.6929449Z     "vortex/exchange_testnet.py": "5d1385028b8d0a0ccb69f04cd240eba9118753cbc7739ef1f42930e1950f5d20",
2026-10-09T10:15:57.6930407Z     "vortex/exits.py": "fab9064c300cd0a825b618acb0d17b26b2084fb43f89486d4df57d4457fb59af",
2026-10-09T10:15:57.6931678Z     "vortex/indicators.py": "e3af87e91809da60703bef17a01aa487431a6bea2d52023b5e37e4a435e302e4",
2026-10-09T10:15:57.6932404Z     "vortex/locks.py": "734d00a0aa3f52900f78aca66eb26306e3ded358294df47c52ada9131b63d6e0",
2026-10-09T10:15:57.6933149Z     "vortex/microstructure.py": "1a6b2f184e53eea50eb1126924aa72308754329bfdd259c16042c988dbc4f8e8",
2026-10-09T10:15:57.6933844Z     "vortex/ml.py": "104b4ab72ba04c592dad056c90ca7fcb77b6400454f40f38108dd7f005999caa",
2026-10-09T10:15:57.6934506Z     "vortex/models.py": "e821bcff5bcba88c5047ec06e103cfa57172ef7a0f5b06f79264a51196923e1f",
2026-10-09T10:15:57.6935195Z     "vortex/paper.py": "a295663d75d560b03f61b0bfca99d4db882f58564d4509886092c7a55430a079",
2026-10-09T10:15:57.6935887Z     "vortex/portfolio.py": "1d978ba038185bb2f37544df46481fbc10b92d3aa4bc8d50b0d8131505d0c35f",
2026-10-09T10:15:57.6936562Z     "vortex/radar.py": "c30297927d549839ecbf98a237e69536a8bb4b39e912fb741b797de1ac08e75c",
2026-10-09T10:15:57.6937242Z     "vortex/reports.py": "c3830063a5b57e3b58e00b71c02f027bd518e9fe9ec829933149a843f1c33374",
2026-10-09T10:15:57.6937961Z     "vortex/research_policy.py": "470045acf657421524e0888a3bcb9063a465e88919d3b9d3c1d2495cc8f241ee",
2026-10-09T10:15:57.6938680Z     "vortex/reversal.py": "19cfbe89a533ca242343825b96a36fbab4df1e54432d290132d6b5a57e65c0d5",
2026-10-09T10:15:57.6939366Z     "vortex/risk.py": "ea22d5f3a6d412b82beca615edeb8448d037b43206be67f9bb49fd1374496833",
2026-10-09T10:15:57.6940072Z     "vortex/strategies.py": "9b0ec64bab5f24cde284593272154ff6f178af7211b701fb20608b846dbdd2be",
2026-10-09T10:15:57.6940974Z     "vortex/strategy.py": "5ece29345c7a4744bd029bbca579caba3b6a1b21e60240e636c87e3c654a8a50",
2026-10-09T10:15:57.6941672Z     "vortex/stream.py": "02c86799aa48677e1463bb4acd9654d57b6672e9d985f2aa9c29e6ea908b5a99",
2026-10-09T10:15:57.6942385Z     "vortex/testnet_guard.py": "c8178750393dd1d1348ce5c73d96fb62d5b37bc3561b6f6b8779cdaeb5fb6443",
2026-10-09T10:15:57.6943170Z     "vortex/testnet_runner.py": "58701405936e24d2c7bb3c48cab10f08f13c79a4df3b10bded85337d0691133c",
2026-10-09T10:15:57.6944019Z     "vortex/testnet_stages.py": "ab6f78900175579b885321c7ac5ece539316bd415a0fe048ea2e5f28556ab741"
2026-10-09T10:15:57.6944519Z   },
2026-10-09T10:15:57.6944741Z   "limitations": [
2026-10-09T10:15:57.6945150Z     "Displayed REST quotes are conditional simulated fills, not actual executions",
2026-10-09T10:15:57.6945753Z     "Quotes/stops sampled at polling cycles, not continuous tick execution",
2026-10-09T10:15:57.6946310Z     "PAPER broker does not account for funding payments or liquidation",
2026-10-09T10:15:57.6946843Z     "Open positions remain open at the end; no invented closing price",
2026-10-09T10:15:57.6947420Z     "One hour cannot establish profitability or fulfill the seven-day forward gate"
2026-10-09T10:15:57.6947891Z   ],
2026-10-09T10:15:57.6948123Z   "status": "failed_preflight",
2026-10-09T10:15:57.6948425Z   "duration_completed": false,
2026-10-09T10:15:57.6948746Z   "ended_utc": "2026-10-09T10:15:57.689125+00:00",
2026-10-09T10:15:57.6949093Z   "elapsed_seconds": 0,
2026-10-09T10:15:57.6953727Z   "error": "Traceback (most recent call last):\n  File \"/home/runner/work/VORTEX-AI/VORTEX-AI/vortex/binance.py\", line 36, in get\n    response.raise_for_status()\n  File \"/opt/hostedtoolcache/Python/3.11.17/x64/lib/python3.11/site-packages/requests/models.py\", line 1167, in raise_for_status\n    raise HTTPError(http_error_msg, response=self)\nrequests.exceptions.HTTPError: 451 Client Error:  for url: https://fapi.binance.com/fapi/v1/time\n\nThe above exception was the direct cause of the following exception:\n\nTraceback (most recent call last):\n  File \"/home/runner/work/VORTEX-AI/VORTEX-AI/research/paper_hour.py\", line 59, in main\n    now = market.server_ms()\n          ^^^^^^^^^^^^^^^^^^\n  File \"/home/runner/work/VORTEX-AI/VORTEX-AI/vortex/binance.py\", line 48, in server_ms\n    return int(self.get(\"/fapi/v1/time\")[\"serverTime\"])\n               ^^^^^^^^^^^^^^^^^^^^^^^^^\n  File \"/home/runner/work/VORTEX-AI/VORTEX-AI/vortex/binance.py\", line 43, in get\n    raise MarketError(f\"Binance request failed: {path}\") from exc\nvortex.binance.MarketError: Binance request failed: /fapi/v1/time\n",
2026-10-09T10:15:57.6958105Z   "artifact_sha256": {}
2026-10-09T10:15:57.6958324Z }
2026-10-09T10:15:57.7133842Z ##[error]Process completed with exit code 1.
2026-10-09T10:15:57.7231529Z ##[group]Run actions/upload-artifact@v4
2026-10-09T10:15:57.7231816Z with:
2026-10-09T10:15:57.7232034Z   name: vortex-radar-hour-37916498192
2026-10-09T10:15:57.7232314Z   path: runs/radar-one-hour/
2026-10-09T10:15:57.7232560Z   if-no-files-found: warn
2026-10-09T10:15:57.7232791Z   retention-days: 90
2026-10-09T10:15:57.7233005Z   compression-level: 6
2026-10-09T10:15:57.7233225Z   overwrite: false
2026-10-09T10:15:57.7233439Z   include-hidden-files: false
2026-10-09T10:15:57.7233670Z env:
2026-10-09T10:15:57.7233853Z   RUN_MODE: paper
2026-10-09T10:15:57.7234048Z   USE_RADAR: true
2026-10-09T10:15:57.7234260Z   USE_WEBSOCKET: false
2026-10-09T10:15:57.7234485Z   STARTING_EQUITY: 1000
2026-10-09T10:15:57.7234703Z   RISK_PER_TRADE: 0.10
2026-10-09T10:15:57.7234907Z   MAX_LEVERAGE: 5
2026-10-09T10:15:57.7235103Z   MAX_POSITIONS: 3
2026-10-09T10:15:57.7235307Z   MAX_MARGIN_FRACTION: 0.25
2026-10-09T10:15:57.7235532Z   MAX_DAILY_LOSS: 0.50
2026-10-09T10:15:57.7235777Z   STRICT_VOTES: true
2026-10-09T10:15:57.7235979Z   TIMEFRAME: 5m
2026-10-09T10:15:57.7236169Z   LOOP_SECONDS: 20
2026-10-09T10:15:57.7236434Z   pythonLocation: /opt/hostedtoolcache/Python/3.11.17/x64
2026-10-09T10:15:57.7236854Z   PKG_CONFIG_PATH: /opt/hostedtoolcache/Python/3.11.17/x64/lib/pkgconfig
2026-10-09T10:15:57.7237271Z   Python_ROOT_DIR: /opt/hostedtoolcache/Python/3.11.17/x64
2026-10-09T10:15:57.7237640Z   Python2_ROOT_DIR: /opt/hostedtoolcache/Python/3.11.17/x64
2026-10-09T10:15:57.7238018Z   Python3_ROOT_DIR: /opt/hostedtoolcache/Python/3.11.17/x64
2026-10-09T10:15:57.7238400Z   LD_LIBRARY_PATH: /opt/hostedtoolcache/Python/3.11.17/x64/lib
2026-10-09T10:15:57.7238726Z ##[endgroup]
2026-10-09T10:15:57.8830615Z (node:2380) [DEP0040] DeprecationWarning: The `punycode` module is deprecated. Please use a userland alternative instead.
2026-10-09T10:15:57.8835402Z (Use `node --trace-deprecation ...` to show where the warning was created)
2026-10-09T10:15:57.9016254Z With the provided path, there will be 1 file uploaded
2026-10-09T10:15:57.9017063Z Artifact name is valid!
2026-10-09T10:15:57.9017454Z Root directory input is valid!
2026-10-09T10:15:58.2688736Z Beginning upload of artifact content to blob storage
2026-10-09T10:15:58.2875153Z (node:2380) [DEP0169] DeprecationWarning: `url.parse()` behavior is not standardized and prone to errors that have security implications. Use the WHATWG URL API instead. CVEs are not issued for `url.parse()` vulnerabilities.
2026-10-09T10:15:58.4950955Z Uploaded bytes 2819
2026-10-09T10:15:58.5515042Z Finished uploading artifact content to blob storage!
2026-10-09T10:15:58.5515907Z SHA256 digest of uploaded artifact zip is 94d792b4e6fb723c219afc8df8ba143a88435b8c887fd479f47bc2849dc05f41
2026-10-09T10:15:58.5517099Z Finalizing artifact upload
2026-10-09T10:15:58.8113897Z Artifact vortex-radar-hour-37916498192.zip successfully finalized. Artifact ID 11608509709
2026-10-09T10:15:58.8115573Z Artifact vortex-radar-hour-37916498192 has been successfully uploaded! Final size is 2819 bytes. Artifact ID is 11608509709
2026-10-09T10:15:58.8119395Z Artifact download URL: https://github.com/khaledhasneen1993/VORTEX-AI/actions/runs/37916498192/artifacts/11608509709
2026-10-09T10:15:58.8295723Z Post job cleanup.
2026-10-09T10:15:58.9127197Z [command]/usr/bin/git version
2026-10-09T10:15:58.9167086Z git version 2.55.0
2026-10-09T10:15:58.9203118Z Temporarily overriding HOME='/home/runner/work/_temp/3b456728-ba05-4e4f-87b8-efe1a0cf9b3d' before making global git config changes
2026-10-09T10:15:58.9204595Z Adding repository directory to the temporary git global config as a safe directory
2026-10-09T10:15:58.9209373Z [command]/usr/bin/git config --global --add safe.directory /home/runner/work/VORTEX-AI/VORTEX-AI
2026-10-09T10:15:58.9245538Z [command]/usr/bin/git config --local --name-only --get-regexp core\.sshCommand
2026-10-09T10:15:58.9278469Z [command]/usr/bin/git submodule foreach --recursive sh -c "git config --local --name-only --get-regexp 'core\.sshCommand' && git config --local --unset-all 'core.sshCommand' || :"
2026-10-09T10:15:58.9500645Z [command]/usr/bin/git config --local --name-only --get-regexp http\.https\:\/\/github\.com\/\.extraheader
2026-10-09T10:15:58.9524609Z http.https://github.com/.extraheader
2026-10-09T10:15:58.9535829Z [command]/usr/bin/git config --local --unset-all http.https://github.com/.extraheader
2026-10-09T10:15:58.9574508Z [command]/usr/bin/git submodule foreach --recursive sh -c "git config --local --name-only --get-regexp 'http\.https\:\/\/github\.com\/\.extraheader' && git config --local --unset-all 'http.https://github.com/.extraheader' || :"
2026-10-09T10:15:58.9796006Z [command]/usr/bin/git config --local --name-only --get-regexp ^includeIf\.gitdir:
2026-10-09T10:15:58.9827786Z [command]/usr/bin/git submodule foreach --recursive git config --local --show-origin --name-only --get-regexp remote.origin.url
2026-10-09T10:15:59.0199056Z Cleaning up orphan processes
2026-10-09T10:15:59.0428231Z ##[warning]Node.js 20 is deprecated. The following actions target Node.js 20 but are being forced to run on Node.js 24: actions/checkout@v4, actions/setup-python@v5, actions/upload-artifact@v4. For more information see: https://github.blog/changelog/2025-09-19-deprecation-of-node-20-on-github-actions-runners/
